---
source: xidl-parser/tests/test-const.rs
expression: ast
---
Specification(
    [
        ConstDcl(
            ConstDcl {
                ty: IntegerType(
                    SignedInt(
                        SignedLongInt(
                            SignedLongInt,
                        ),
                    ),
                ),
                ident: Identifier(
                    "a",
                ),
                value: ConstExpr(
                    XorExpr(
                        AndExpr(
                            ShiftExpr(
                                AddExpr(
                                    MultExpr(
                                        UnaryExpr(
                                            PrimaryExpr(
                                                Literal(
                                                    IntegerLiteral(
                                                        OctNumber(
                                                            "0o10",
                                                        ),
                                                    ),
                                                ),
                                            ),
                                        ),
                                    ),
                                ),
                            ),
                        ),
                    ),
                ),
            },
        ),
    ],
)
