---
source: xidlc/tests/codegen_snapshot.rs
expression: output
---
===============
openapi.json
===============
{
  "components": {
    "schemas": {
      "Error": {
        "properties": {
          "code": {
            "type": "integer"
          },
          "details": {
            "type": "object"
          },
          "msg": {
            "type": "string"
          }
        },
        "required": [
          "code",
          "msg"
        ],
        "type": "object"
      },
      "ReportApi_Call": {
        "oneOf": [
          {
            "properties": {
              "unknownOp": {
                "$ref": "#/components/schemas/dds.rpc.UnknownOperation"
              }
            },
            "required": [
              "unknownOp"
            ],
            "type": "object"
          },
          {
            "properties": {
              "get_report": {
                "$ref": "#/components/schemas/ReportApi_get_report_In"
              }
            },
            "required": [
              "get_report"
            ],
            "type": "object"
          },
          {
            "properties": {
              "watch_report": {
                "$ref": "#/components/schemas/ReportApi_watch_report_In"
              }
            },
            "required": [
              "watch_report"
            ],
            "type": "object"
          }
        ]
      },
      "ReportApi_Reply": {
        "properties": {
          "data": {
            "$ref": "#/components/schemas/ReportApi_Return"
          },
          "header": {
            "$ref": "#/components/schemas/dds.rpc.ReplyHeader"
          }
        },
        "required": [
          "header",
          "data"
        ],
        "type": "object"
      },
      "ReportApi_Request": {
        "properties": {
          "data": {
            "$ref": "#/components/schemas/ReportApi_Call"
          },
          "header": {
            "$ref": "#/components/schemas/dds.rpc.RequestHeader"
          }
        },
        "required": [
          "header",
          "data"
        ],
        "type": "object"
      },
      "ReportApi_Return": {
        "oneOf": [
          {
            "properties": {
              "unknownOp": {
                "$ref": "#/components/schemas/dds.rpc.UnknownOperation"
              }
            },
            "required": [
              "unknownOp"
            ],
            "type": "object"
          },
          {
            "properties": {
              "get_report": {
                "$ref": "#/components/schemas/ReportApi_get_report_Result"
              }
            },
            "required": [
              "get_report"
            ],
            "type": "object"
          },
          {
            "properties": {
              "watch_report": {
                "$ref": "#/components/schemas/ReportApi_watch_report_Result"
              }
            },
            "required": [
              "watch_report"
            ],
            "type": "object"
          }
        ]
      },
      "ReportApi_get_report_In": {
        "properties": {
          "id": {
            "type": "string"
          },
          "lang": {
            "type": "string"
          },
          "trace_id": {
            "type": "string"
          }
        },
        "required": [
          "id",
          "lang",
          "trace_id"
        ],
        "type": "object"
      },
      "ReportApi_get_report_Out": {
        "properties": {
          "return_": {
            "type": "string"
          }
        },
        "required": [
          "return_"
        ],
        "type": "object"
      },
      "ReportApi_get_report_Result": {
        "oneOf": [
          {
            "properties": {
              "result": {
                "$ref": "#/components/schemas/ReportApi_get_report_Out"
              }
            },
            "required": [
              "result"
            ],
            "type": "object"
          }
        ]
      },
      "ReportApi_watch_report_In": {
        "properties": {
          "id": {
            "type": "string"
          }
        },
        "required": [
          "id"
        ],
        "type": "object"
      },
      "ReportApi_watch_report_Out": {
        "properties": {
          "return_": {
            "type": "string"
          }
        },
        "required": [
          "return_"
        ],
        "type": "object"
      },
      "ReportApi_watch_report_Result": {
        "oneOf": [
          {
            "properties": {
              "result": {
                "$ref": "#/components/schemas/ReportApi_watch_report_Out"
              }
            },
            "required": [
              "result"
            ],
            "type": "object"
          }
        ]
      }
    },
    "securitySchemes": {
      "http_bearer": {
        "scheme": "bearer",
        "type": "http"
      }
    }
  },
  "info": {
    "title": "reporting",
    "version": "2026.04"
  },
  "openapi": "3.2.0",
  "paths": {
    "/reports/{id}": {
      "get": {
        "operationId": "ReportApi.get_report",
        "parameters": [
          {
            "in": "path",
            "name": "id",
            "required": true,
            "schema": {
              "type": "string"
            }
          },
          {
            "in": "query",
            "name": "lang",
            "required": false,
            "schema": {
              "type": "string"
            }
          },
          {
            "in": "header",
            "name": "X-Trace-Id",
            "required": false,
            "schema": {
              "type": "string"
            }
          }
        ],
        "responses": {
          "200": {
            "content": {
              "application/json": {
                "schema": {
                  "type": "string"
                }
              }
            },
            "description": "OK"
          },
          "500": {
            "content": {
              "application/json": {
                "schema": {
                  "$ref": "#/components/schemas/Error"
                }
              }
            },
            "description": "Error"
          }
        },
        "security": [
          {
            "http_bearer": []
          }
        ]
      }
    },
    "/reports/{id}/events": {
      "get": {
        "operationId": "ReportApi.watch_report",
        "parameters": [
          {
            "in": "path",
            "name": "id",
            "required": true,
            "schema": {
              "type": "string"
            }
          }
        ],
        "responses": {
          "200": {
            "content": {
              "text/event-stream": {
                "itemSchema": {
                  "type": "string"
                }
              }
            },
            "description": "OK"
          },
          "500": {
            "content": {
              "application/json": {
                "schema": {
                  "$ref": "#/components/schemas/Error"
                }
              }
            },
            "description": "Error"
          }
        },
        "security": [
          {
            "http_bearer": []
          }
        ]
      }
    }
  },
  "servers": [
    {
      "description": "production",
      "url": "https://api.example.com"
    }
  ]
}
