---
source: xidlc/tests/codegen_snapshot.rs
expression: output
---
===============
openapi_http_defaults.json
===============
{
  "components": {
    "schemas": {
      "CreateUserRequest": {
        "properties": {
          "age": {
            "format": "int32",
            "minimum": 0,
            "type": "integer"
          },
          "name": {
            "type": "string"
          }
        },
        "required": [
          "name",
          "age"
        ],
        "type": "object"
      },
      "Error": {
        "properties": {
          "code": {
            "type": "integer"
          },
          "details": {
            "type": "object"
          },
          "msg": {
            "type": "string"
          }
        },
        "required": [
          "code",
          "msg"
        ],
        "type": "object"
      }
    }
  },
  "info": {
    "title": "xidlc",
    "version": "v1.0.0"
  },
  "openapi": "3.1.0",
  "paths": {
    "/get_name": {
      "post": {
        "operationId": "HttpDefaultsService.get_name",
        "parameters": [
          {
            "in": "query",
            "name": "name",
            "required": true,
            "schema": {
              "type": "string"
            }
          }
        ],
        "responses": {
          "200": {
            "content": {
              "text/plain": {
                "schema": {
                  "type": "string"
                }
              }
            },
            "description": "OK"
          },
          "500": {
            "content": {
              "application/json": {
                "schema": {
                  "$ref": "#/components/schemas/Error"
                }
              }
            },
            "description": "Error"
          }
        }
      }
    },
    "/get_user_alias/{id}": {
      "post": {
        "operationId": "HttpDefaultsService.get_user_alias",
        "parameters": [
          {
            "in": "path",
            "name": "id",
            "required": true,
            "schema": {
              "format": "int32",
              "minimum": 0,
              "type": "integer"
            }
          },
          {
            "in": "query",
            "name": "lang",
            "required": true,
            "schema": {
              "type": "string"
            }
          }
        ],
        "responses": {
          "200": {
            "content": {
              "text/plain": {
                "schema": {
                  "type": "string"
                }
              }
            },
            "description": "OK"
          },
          "500": {
            "content": {
              "application/json": {
                "schema": {
                  "$ref": "#/components/schemas/Error"
                }
              }
            },
            "description": "Error"
          }
        }
      }
    },
    "/list_orders/{uid}": {
      "get": {
        "operationId": "HttpDefaultsService.list_orders",
        "parameters": [
          {
            "in": "path",
            "name": "uid",
            "required": true,
            "schema": {
              "format": "int32",
              "minimum": 0,
              "type": "integer"
            }
          },
          {
            "in": "query",
            "name": "page",
            "required": true,
            "schema": {
              "format": "int32",
              "minimum": 0,
              "type": "integer"
            }
          },
          {
            "in": "query",
            "name": "size",
            "required": true,
            "schema": {
              "format": "int32",
              "minimum": 0,
              "type": "integer"
            }
          }
        ],
        "responses": {
          "200": {
            "content": {
              "text/plain": {
                "schema": {
                  "type": "string"
                }
              }
            },
            "description": "OK"
          },
          "500": {
            "content": {
              "application/json": {
                "schema": {
                  "$ref": "#/components/schemas/Error"
                }
              }
            },
            "description": "Error"
          }
        }
      }
    },
    "/users": {
      "delete": {
        "operationId": "HttpDefaultsService.delete_user",
        "parameters": [
          {
            "in": "query",
            "name": "id",
            "required": true,
            "schema": {
              "format": "int32",
              "minimum": 0,
              "type": "integer"
            }
          },
          {
            "in": "query",
            "name": "revision",
            "required": true,
            "schema": {
              "format": "int32",
              "minimum": 0,
              "type": "integer"
            }
          }
        ],
        "responses": {
          "200": {
            "content": {
              "text/plain": {
                "schema": {
                  "type": "string"
                }
              }
            },
            "description": "OK"
          },
          "500": {
            "content": {
              "application/json": {
                "schema": {
                  "$ref": "#/components/schemas/Error"
                }
              }
            },
            "description": "Error"
          }
        }
      },
      "post": {
        "operationId": "HttpDefaultsService.create_user",
        "requestBody": {
          "content": {
            "application/json": {
              "schema": {
                "$ref": "#/components/schemas/CreateUserRequest"
              }
            }
          }
        },
        "responses": {
          "200": {
            "content": {
              "text/plain": {
                "schema": {
                  "type": "string"
                }
              }
            },
            "description": "OK"
          },
          "500": {
            "content": {
              "application/json": {
                "schema": {
                  "$ref": "#/components/schemas/Error"
                }
              }
            },
            "description": "Error"
          }
        }
      }
    },
    "/users/flat": {
      "post": {
        "operationId": "HttpDefaultsService.create_user_flat",
        "requestBody": {
          "content": {
            "application/json": {
              "schema": {
                "$ref": "#/components/schemas/CreateUserRequest"
              }
            }
          }
        },
        "responses": {
          "200": {
            "content": {
              "text/plain": {
                "schema": {
                  "type": "string"
                }
              }
            },
            "description": "OK"
          },
          "500": {
            "content": {
              "application/json": {
                "schema": {
                  "$ref": "#/components/schemas/Error"
                }
              }
            },
            "description": "Error"
          }
        }
      }
    },
    "/users/head": {
      "head": {
        "operationId": "HttpDefaultsService.probe_user",
        "parameters": [
          {
            "in": "query",
            "name": "id",
            "required": true,
            "schema": {
              "format": "int32",
              "minimum": 0,
              "type": "integer"
            }
          },
          {
            "in": "query",
            "name": "revision",
            "required": true,
            "schema": {
              "format": "int32",
              "minimum": 0,
              "type": "integer"
            }
          }
        ],
        "responses": {
          "204": {
            "description": "OK"
          },
          "500": {
            "content": {
              "application/json": {
                "schema": {
                  "$ref": "#/components/schemas/Error"
                }
              }
            },
            "description": "Error"
          }
        }
      }
    },
    "/users/options": {
      "options": {
        "operationId": "HttpDefaultsService.user_options",
        "parameters": [
          {
            "in": "query",
            "name": "id",
            "required": true,
            "schema": {
              "format": "int32",
              "minimum": 0,
              "type": "integer"
            }
          },
          {
            "in": "query",
            "name": "revision",
            "required": true,
            "schema": {
              "format": "int32",
              "minimum": 0,
              "type": "integer"
            }
          }
        ],
        "responses": {
          "204": {
            "description": "OK"
          },
          "500": {
            "content": {
              "application/json": {
                "schema": {
                  "$ref": "#/components/schemas/Error"
                }
              }
            },
            "description": "Error"
          }
        }
      }
    },
    "/users/preview": {
      "get": {
        "operationId": "HttpDefaultsService.preview_user",
        "requestBody": {
          "content": {
            "application/json": {
              "schema": {
                "$ref": "#/components/schemas/CreateUserRequest"
              }
            }
          }
        },
        "responses": {
          "200": {
            "content": {
              "text/plain": {
                "schema": {
                  "type": "string"
                }
              }
            },
            "description": "OK"
          },
          "500": {
            "content": {
              "application/json": {
                "schema": {
                  "$ref": "#/components/schemas/Error"
                }
              }
            },
            "description": "Error"
          }
        }
      }
    },
    "/users/search": {
      "post": {
        "operationId": "HttpDefaultsService.search_user",
        "requestBody": {
          "content": {
            "application/json": {
              "schema": {
                "properties": {
                  "age": {
                    "format": "int32",
                    "minimum": 0,
                    "type": "integer"
                  },
                  "name": {
                    "type": "string"
                  }
                },
                "required": [
                  "name",
                  "age"
                ],
                "type": "object"
              }
            }
          }
        },
        "responses": {
          "200": {
            "content": {
              "text/plain": {
                "schema": {
                  "type": "string"
                }
              }
            },
            "description": "OK"
          },
          "500": {
            "content": {
              "application/json": {
                "schema": {
                  "$ref": "#/components/schemas/Error"
                }
              }
            },
            "description": "Error"
          }
        }
      }
    },
    "/users/{id}": {
      "patch": {
        "operationId": "HttpDefaultsService.patch_user",
        "parameters": [
          {
            "in": "path",
            "name": "id",
            "required": true,
            "schema": {
              "format": "int32",
              "minimum": 0,
              "type": "integer"
            }
          }
        ],
        "requestBody": {
          "content": {
            "application/json": {
              "schema": {
                "properties": {
                  "age": {
                    "format": "int32",
                    "minimum": 0,
                    "type": "integer"
                  },
                  "name": {
                    "type": "string"
                  }
                },
                "required": [
                  "name",
                  "age"
                ],
                "type": "object"
              }
            }
          }
        },
        "responses": {
          "200": {
            "content": {
              "text/plain": {
                "schema": {
                  "type": "string"
                }
              }
            },
            "description": "OK"
          },
          "500": {
            "content": {
              "application/json": {
                "schema": {
                  "$ref": "#/components/schemas/Error"
                }
              }
            },
            "description": "Error"
          }
        }
      },
      "put": {
        "operationId": "HttpDefaultsService.replace_user",
        "parameters": [
          {
            "in": "path",
            "name": "id",
            "required": true,
            "schema": {
              "format": "int32",
              "minimum": 0,
              "type": "integer"
            }
          }
        ],
        "requestBody": {
          "content": {
            "application/json": {
              "schema": {
                "properties": {
                  "age": {
                    "format": "int32",
                    "minimum": 0,
                    "type": "integer"
                  },
                  "name": {
                    "type": "string"
                  }
                },
                "required": [
                  "name",
                  "age"
                ],
                "type": "object"
              }
            }
          }
        },
        "responses": {
          "200": {
            "content": {
              "text/plain": {
                "schema": {
                  "type": "string"
                }
              }
            },
            "description": "OK"
          },
          "500": {
            "content": {
              "application/json": {
                "schema": {
                  "$ref": "#/components/schemas/Error"
                }
              }
            },
            "description": "Error"
          }
        }
      }
    },
    "/v1/users/{id}": {
      "get": {
        "operationId": "HttpDefaultsService.get_user",
        "parameters": [
          {
            "in": "path",
            "name": "id",
            "required": true,
            "schema": {
              "format": "int32",
              "minimum": 0,
              "type": "integer"
            }
          },
          {
            "in": "query",
            "name": "lang",
            "required": true,
            "schema": {
              "type": "string"
            }
          }
        ],
        "responses": {
          "200": {
            "content": {
              "text/plain": {
                "schema": {
                  "type": "string"
                }
              }
            },
            "description": "OK"
          },
          "500": {
            "content": {
              "application/json": {
                "schema": {
                  "$ref": "#/components/schemas/Error"
                }
              }
            },
            "description": "Error"
          }
        }
      }
    }
  }
}
