---
source: xidlc/tests/codegen_snapshot.rs
expression: output
---
===============
openapi.json
===============
{
  "components": {
    "schemas": {
      "Error": {
        "properties": {
          "code": {
            "type": "integer"
          },
          "details": {
            "type": "object"
          },
          "msg": {
            "type": "string"
          }
        },
        "required": [
          "code",
          "msg"
        ],
        "type": "object"
      },
      "HttpAnnoService_Call": {
        "oneOf": [
          {
            "properties": {
              "unknownOp": {
                "$ref": "#/components/schemas/dds.rpc.UnknownOperation"
              }
            },
            "required": [
              "unknownOp"
            ],
            "type": "object"
          },
          {
            "properties": {
              "get_user": {
                "$ref": "#/components/schemas/HttpAnnoService_get_user_In"
              }
            },
            "required": [
              "get_user"
            ],
            "type": "object"
          },
          {
            "properties": {
              "create_user": {
                "$ref": "#/components/schemas/HttpAnnoService_create_user_In"
              }
            },
            "required": [
              "create_user"
            ],
            "type": "object"
          },
          {
            "properties": {
              "get_name": {
                "$ref": "#/components/schemas/HttpAnnoService_get_name_In"
              }
            },
            "required": [
              "get_name"
            ],
            "type": "object"
          },
          {
            "properties": {
              "search_user": {
                "$ref": "#/components/schemas/HttpAnnoService_search_user_In"
              }
            },
            "required": [
              "search_user"
            ],
            "type": "object"
          },
          {
            "properties": {
              "get_user_alias": {
                "$ref": "#/components/schemas/HttpAnnoService_get_user_alias_In"
              }
            },
            "required": [
              "get_user_alias"
            ],
            "type": "object"
          },
          {
            "properties": {
              "add": {
                "$ref": "#/components/schemas/HttpAnnoService_add_In"
              }
            },
            "required": [
              "add"
            ],
            "type": "object"
          },
          {
            "properties": {
              "bump": {
                "$ref": "#/components/schemas/HttpAnnoService_bump_In"
              }
            },
            "required": [
              "bump"
            ],
            "type": "object"
          },
          {
            "properties": {
              "get_count": {
                "$ref": "#/components/schemas/HttpAnnoService_get_count_In"
              }
            },
            "required": [
              "get_count"
            ],
            "type": "object"
          },
          {
            "properties": {
              "ping": {
                "$ref": "#/components/schemas/HttpAnnoService_ping_In"
              }
            },
            "required": [
              "ping"
            ],
            "type": "object"
          }
        ]
      },
      "HttpAnnoService_Reply": {
        "properties": {
          "data": {
            "$ref": "#/components/schemas/HttpAnnoService_Return"
          },
          "header": {
            "$ref": "#/components/schemas/dds.rpc.ReplyHeader"
          }
        },
        "required": [
          "header",
          "data"
        ],
        "type": "object"
      },
      "HttpAnnoService_Request": {
        "properties": {
          "data": {
            "$ref": "#/components/schemas/HttpAnnoService_Call"
          },
          "header": {
            "$ref": "#/components/schemas/dds.rpc.RequestHeader"
          }
        },
        "required": [
          "header",
          "data"
        ],
        "type": "object"
      },
      "HttpAnnoService_Return": {
        "oneOf": [
          {
            "properties": {
              "unknownOp": {
                "$ref": "#/components/schemas/dds.rpc.UnknownOperation"
              }
            },
            "required": [
              "unknownOp"
            ],
            "type": "object"
          },
          {
            "properties": {
              "get_user": {
                "$ref": "#/components/schemas/HttpAnnoService_get_user_Result"
              }
            },
            "required": [
              "get_user"
            ],
            "type": "object"
          },
          {
            "properties": {
              "create_user": {
                "$ref": "#/components/schemas/HttpAnnoService_create_user_Result"
              }
            },
            "required": [
              "create_user"
            ],
            "type": "object"
          },
          {
            "properties": {
              "get_name": {
                "$ref": "#/components/schemas/HttpAnnoService_get_name_Result"
              }
            },
            "required": [
              "get_name"
            ],
            "type": "object"
          },
          {
            "properties": {
              "search_user": {
                "$ref": "#/components/schemas/HttpAnnoService_search_user_Result"
              }
            },
            "required": [
              "search_user"
            ],
            "type": "object"
          },
          {
            "properties": {
              "get_user_alias": {
                "$ref": "#/components/schemas/HttpAnnoService_get_user_alias_Result"
              }
            },
            "required": [
              "get_user_alias"
            ],
            "type": "object"
          },
          {
            "properties": {
              "add": {
                "$ref": "#/components/schemas/HttpAnnoService_add_Result"
              }
            },
            "required": [
              "add"
            ],
            "type": "object"
          },
          {
            "properties": {
              "bump": {
                "$ref": "#/components/schemas/HttpAnnoService_bump_Result"
              }
            },
            "required": [
              "bump"
            ],
            "type": "object"
          },
          {
            "properties": {
              "get_count": {
                "$ref": "#/components/schemas/HttpAnnoService_get_count_Result"
              }
            },
            "required": [
              "get_count"
            ],
            "type": "object"
          },
          {
            "properties": {
              "ping": {
                "$ref": "#/components/schemas/HttpAnnoService_ping_Result"
              }
            },
            "required": [
              "ping"
            ],
            "type": "object"
          }
        ]
      },
      "HttpAnnoService_add_In": {
        "properties": {
          "a": {
            "format": "int32",
            "type": "integer"
          },
          "b": {
            "format": "int32",
            "type": "integer"
          }
        },
        "required": [
          "a",
          "b"
        ],
        "type": "object"
      },
      "HttpAnnoService_add_Out": {
        "properties": {
          "return_": {
            "format": "int32",
            "type": "integer"
          },
          "sum": {
            "format": "int32",
            "type": "integer"
          }
        },
        "required": [
          "sum",
          "return_"
        ],
        "type": "object"
      },
      "HttpAnnoService_add_Result": {
        "oneOf": [
          {
            "properties": {
              "result": {
                "$ref": "#/components/schemas/HttpAnnoService_add_Out"
              }
            },
            "required": [
              "result"
            ],
            "type": "object"
          }
        ]
      },
      "HttpAnnoService_bump_In": {
        "properties": {
          "value": {
            "format": "int32",
            "type": "integer"
          }
        },
        "required": [
          "value"
        ],
        "type": "object"
      },
      "HttpAnnoService_bump_Out": {
        "properties": {
          "return_": {
            "format": "int32",
            "type": "integer"
          },
          "value": {
            "format": "int32",
            "type": "integer"
          }
        },
        "required": [
          "value",
          "return_"
        ],
        "type": "object"
      },
      "HttpAnnoService_bump_Result": {
        "oneOf": [
          {
            "properties": {
              "result": {
                "$ref": "#/components/schemas/HttpAnnoService_bump_Out"
              }
            },
            "required": [
              "result"
            ],
            "type": "object"
          }
        ]
      },
      "HttpAnnoService_create_user_In": {
        "properties": {
          "age": {
            "format": "int32",
            "minimum": 0,
            "type": "integer"
          },
          "name": {
            "type": "string"
          }
        },
        "required": [
          "name",
          "age"
        ],
        "type": "object"
      },
      "HttpAnnoService_create_user_Out": {
        "properties": {
          "return_": {
            "type": "string"
          }
        },
        "required": [
          "return_"
        ],
        "type": "object"
      },
      "HttpAnnoService_create_user_Result": {
        "oneOf": [
          {
            "properties": {
              "result": {
                "$ref": "#/components/schemas/HttpAnnoService_create_user_Out"
              }
            },
            "required": [
              "result"
            ],
            "type": "object"
          }
        ]
      },
      "HttpAnnoService_get_count_In": {
        "properties": {
          "dummy": {
            "$ref": "#/components/schemas/dds.rpc.UnusedMember"
          }
        },
        "required": [
          "dummy"
        ],
        "type": "object"
      },
      "HttpAnnoService_get_count_Out": {
        "properties": {
          "count": {
            "format": "int32",
            "type": "integer"
          }
        },
        "required": [
          "count"
        ],
        "type": "object"
      },
      "HttpAnnoService_get_count_Result": {
        "oneOf": [
          {
            "properties": {
              "result": {
                "$ref": "#/components/schemas/HttpAnnoService_get_count_Out"
              }
            },
            "required": [
              "result"
            ],
            "type": "object"
          }
        ]
      },
      "HttpAnnoService_get_name_In": {
        "properties": {
          "name": {
            "type": "string"
          }
        },
        "required": [
          "name"
        ],
        "type": "object"
      },
      "HttpAnnoService_get_name_Out": {
        "properties": {
          "return_": {
            "type": "string"
          }
        },
        "required": [
          "return_"
        ],
        "type": "object"
      },
      "HttpAnnoService_get_name_Result": {
        "oneOf": [
          {
            "properties": {
              "result": {
                "$ref": "#/components/schemas/HttpAnnoService_get_name_Out"
              }
            },
            "required": [
              "result"
            ],
            "type": "object"
          }
        ]
      },
      "HttpAnnoService_get_user_In": {
        "properties": {
          "id": {
            "format": "int32",
            "minimum": 0,
            "type": "integer"
          },
          "lang": {
            "type": "string"
          }
        },
        "required": [
          "id",
          "lang"
        ],
        "type": "object"
      },
      "HttpAnnoService_get_user_Out": {
        "properties": {
          "return_": {
            "type": "string"
          }
        },
        "required": [
          "return_"
        ],
        "type": "object"
      },
      "HttpAnnoService_get_user_Result": {
        "oneOf": [
          {
            "properties": {
              "result": {
                "$ref": "#/components/schemas/HttpAnnoService_get_user_Out"
              }
            },
            "required": [
              "result"
            ],
            "type": "object"
          }
        ]
      },
      "HttpAnnoService_get_user_alias_In": {
        "properties": {
          "locale": {
            "type": "string"
          },
          "user_id": {
            "format": "int32",
            "minimum": 0,
            "type": "integer"
          }
        },
        "required": [
          "user_id",
          "locale"
        ],
        "type": "object"
      },
      "HttpAnnoService_get_user_alias_Out": {
        "properties": {
          "return_": {
            "type": "string"
          }
        },
        "required": [
          "return_"
        ],
        "type": "object"
      },
      "HttpAnnoService_get_user_alias_Result": {
        "oneOf": [
          {
            "properties": {
              "result": {
                "$ref": "#/components/schemas/HttpAnnoService_get_user_alias_Out"
              }
            },
            "required": [
              "result"
            ],
            "type": "object"
          }
        ]
      },
      "HttpAnnoService_ping_In": {
        "properties": {
          "dummy": {
            "$ref": "#/components/schemas/dds.rpc.UnusedMember"
          }
        },
        "required": [
          "dummy"
        ],
        "type": "object"
      },
      "HttpAnnoService_ping_Out": {
        "properties": {
          "dummy": {
            "$ref": "#/components/schemas/dds.rpc.UnusedMember"
          }
        },
        "required": [
          "dummy"
        ],
        "type": "object"
      },
      "HttpAnnoService_ping_Result": {
        "oneOf": [
          {
            "properties": {
              "result": {
                "$ref": "#/components/schemas/HttpAnnoService_ping_Out"
              }
            },
            "required": [
              "result"
            ],
            "type": "object"
          }
        ]
      },
      "HttpAnnoService_search_user_In": {
        "properties": {
          "keyword": {
            "type": "string"
          },
          "page": {
            "format": "int32",
            "minimum": 0,
            "type": "integer"
          }
        },
        "required": [
          "keyword",
          "page"
        ],
        "type": "object"
      },
      "HttpAnnoService_search_user_Out": {
        "properties": {
          "return_": {
            "type": "string"
          }
        },
        "required": [
          "return_"
        ],
        "type": "object"
      },
      "HttpAnnoService_search_user_Result": {
        "oneOf": [
          {
            "properties": {
              "result": {
                "$ref": "#/components/schemas/HttpAnnoService_search_user_Out"
              }
            },
            "required": [
              "result"
            ],
            "type": "object"
          }
        ]
      }
    }
  },
  "info": {
    "title": "xidlc",
    "version": "v1.0.0"
  },
  "openapi": "3.2.0",
  "paths": {
    "/add": {
      "post": {
        "operationId": "HttpAnnoService.add",
        "requestBody": {
          "content": {
            "application/json": {
              "schema": {
                "properties": {
                  "a": {
                    "format": "int32",
                    "type": "integer"
                  },
                  "b": {
                    "format": "int32",
                    "type": "integer"
                  }
                },
                "type": "object"
              }
            }
          }
        },
        "responses": {
          "200": {
            "content": {
              "application/json": {
                "schema": {
                  "properties": {
                    "return": {
                      "format": "int32",
                      "type": "integer"
                    },
                    "sum": {
                      "format": "int32",
                      "type": "integer"
                    }
                  },
                  "required": [
                    "return",
                    "sum"
                  ],
                  "type": "object"
                }
              }
            },
            "description": "OK"
          },
          "500": {
            "content": {
              "application/json": {
                "schema": {
                  "$ref": "#/components/schemas/Error"
                }
              }
            },
            "description": "Error"
          }
        }
      }
    },
    "/bump": {
      "post": {
        "operationId": "HttpAnnoService.bump",
        "requestBody": {
          "content": {
            "application/json": {
              "schema": {
                "format": "int32",
                "type": "integer"
              }
            }
          }
        },
        "responses": {
          "200": {
            "content": {
              "application/json": {
                "schema": {
                  "properties": {
                    "return": {
                      "format": "int32",
                      "type": "integer"
                    },
                    "value": {
                      "format": "int32",
                      "type": "integer"
                    }
                  },
                  "required": [
                    "return",
                    "value"
                  ],
                  "type": "object"
                }
              }
            },
            "description": "OK"
          },
          "500": {
            "content": {
              "application/json": {
                "schema": {
                  "$ref": "#/components/schemas/Error"
                }
              }
            },
            "description": "Error"
          }
        }
      }
    },
    "/create_user": {
      "post": {
        "operationId": "HttpAnnoService.create_user",
        "requestBody": {
          "content": {
            "application/json": {
              "schema": {
                "properties": {
                  "age": {
                    "format": "int32",
                    "minimum": 0,
                    "type": "integer"
                  },
                  "name": {
                    "type": "string"
                  }
                },
                "type": "object"
              }
            }
          }
        },
        "responses": {
          "200": {
            "content": {
              "application/json": {
                "schema": {
                  "type": "string"
                }
              }
            },
            "description": "OK"
          },
          "500": {
            "content": {
              "application/json": {
                "schema": {
                  "$ref": "#/components/schemas/Error"
                }
              }
            },
            "description": "Error"
          }
        }
      }
    },
    "/get_count": {
      "post": {
        "operationId": "HttpAnnoService.get_count",
        "responses": {
          "200": {
            "content": {
              "application/json": {
                "schema": {
                  "format": "int32",
                  "type": "integer"
                }
              }
            },
            "description": "OK"
          },
          "500": {
            "content": {
              "application/json": {
                "schema": {
                  "$ref": "#/components/schemas/Error"
                }
              }
            },
            "description": "Error"
          }
        }
      }
    },
    "/get_name": {
      "post": {
        "operationId": "HttpAnnoService.get_name",
        "parameters": [
          {
            "in": "query",
            "name": "name",
            "required": false,
            "schema": {
              "type": "string"
            }
          }
        ],
        "responses": {
          "200": {
            "content": {
              "application/json": {
                "schema": {
                  "type": "string"
                }
              }
            },
            "description": "OK"
          },
          "500": {
            "content": {
              "application/json": {
                "schema": {
                  "$ref": "#/components/schemas/Error"
                }
              }
            },
            "description": "Error"
          }
        }
      }
    },
    "/get_user_alias/{id}": {
      "post": {
        "operationId": "HttpAnnoService.get_user_alias",
        "parameters": [
          {
            "in": "path",
            "name": "id",
            "required": true,
            "schema": {
              "format": "int32",
              "minimum": 0,
              "type": "integer"
            }
          },
          {
            "in": "query",
            "name": "lang",
            "required": false,
            "schema": {
              "type": "string"
            }
          }
        ],
        "responses": {
          "200": {
            "content": {
              "application/json": {
                "schema": {
                  "type": "string"
                }
              }
            },
            "description": "OK"
          },
          "500": {
            "content": {
              "application/json": {
                "schema": {
                  "$ref": "#/components/schemas/Error"
                }
              }
            },
            "description": "Error"
          }
        }
      }
    },
    "/ping": {
      "post": {
        "operationId": "HttpAnnoService.ping",
        "responses": {
          "204": {
            "description": "OK"
          },
          "500": {
            "content": {
              "application/json": {
                "schema": {
                  "$ref": "#/components/schemas/Error"
                }
              }
            },
            "description": "Error"
          }
        }
      }
    },
    "/search_user": {
      "get": {
        "operationId": "HttpAnnoService.search_user",
        "parameters": [
          {
            "in": "query",
            "name": "keyword",
            "required": false,
            "schema": {
              "type": "string"
            }
          },
          {
            "in": "query",
            "name": "page",
            "required": false,
            "schema": {
              "format": "int32",
              "minimum": 0,
              "type": "integer"
            }
          }
        ],
        "responses": {
          "200": {
            "content": {
              "application/json": {
                "schema": {
                  "type": "string"
                }
              }
            },
            "description": "OK"
          },
          "500": {
            "content": {
              "application/json": {
                "schema": {
                  "$ref": "#/components/schemas/Error"
                }
              }
            },
            "description": "Error"
          }
        }
      }
    },
    "/u/{id}": {
      "get": {
        "operationId": "HttpAnnoService.get_user",
        "parameters": [
          {
            "in": "path",
            "name": "id",
            "required": true,
            "schema": {
              "format": "int32",
              "minimum": 0,
              "type": "integer"
            }
          },
          {
            "in": "query",
            "name": "lang",
            "required": false,
            "schema": {
              "type": "string"
            }
          }
        ],
        "responses": {
          "200": {
            "content": {
              "application/json": {
                "schema": {
                  "type": "string"
                }
              }
            },
            "description": "OK"
          },
          "500": {
            "content": {
              "application/json": {
                "schema": {
                  "$ref": "#/components/schemas/Error"
                }
              }
            },
            "description": "Error"
          }
        }
      }
    },
    "/users/{id}": {
      "get": {
        "operationId": "HttpAnnoService.get_user",
        "parameters": [
          {
            "in": "path",
            "name": "id",
            "required": true,
            "schema": {
              "format": "int32",
              "minimum": 0,
              "type": "integer"
            }
          },
          {
            "in": "query",
            "name": "lang",
            "required": false,
            "schema": {
              "type": "string"
            }
          }
        ],
        "responses": {
          "200": {
            "content": {
              "application/json": {
                "schema": {
                  "type": "string"
                }
              }
            },
            "description": "OK"
          },
          "500": {
            "content": {
              "application/json": {
                "schema": {
                  "$ref": "#/components/schemas/Error"
                }
              }
            },
            "description": "Error"
          }
        }
      }
    },
    "/v1/users/{id}": {
      "get": {
        "operationId": "HttpAnnoService.get_user",
        "parameters": [
          {
            "in": "path",
            "name": "id",
            "required": true,
            "schema": {
              "format": "int32",
              "minimum": 0,
              "type": "integer"
            }
          },
          {
            "in": "query",
            "name": "lang",
            "required": false,
            "schema": {
              "type": "string"
            }
          }
        ],
        "responses": {
          "200": {
            "content": {
              "application/json": {
                "schema": {
                  "type": "string"
                }
              }
            },
            "description": "OK"
          },
          "500": {
            "content": {
              "application/json": {
                "schema": {
                  "$ref": "#/components/schemas/Error"
                }
              }
            },
            "description": "Error"
          }
        }
      }
    }
  }
}
