---
source: xidlc/tests/codegen_snapshot.rs
expression: output
---
===============
http_security.rs
===============
#[async_trait::async_trait]
pub trait HttpSecurityService{
    async fn get_user(
    &self,
    req:xidl_rust_axum::Request<HttpSecurityServiceGetUserRequest>
    )->Result<String,xidl_rust_axum::Error>;
    async fn search_user(
    &self,
    req:xidl_rust_axum::Request<HttpSecurityServiceSearchUserRequest>
    )->Result<String,xidl_rust_axum::Error>;
    async fn health(
    &self,
    req:xidl_rust_axum::Request<()>
    )->Result<String,xidl_rust_axum::Error>;
}

#[derive(::serde::Serialize,::serde::Deserialize)]
struct HttpSecurityServiceGetUserPath{
    id:u32,
}

#[derive(::serde::Serialize,::serde::Deserialize,::core::default::Default)]
struct HttpSecurityServiceGetUserQuery{
    #[serde(default)]

    locale:Option<String>,
}

#[derive(::serde::Serialize,::serde::Deserialize)]
pub struct HttpSecurityServiceGetUserRequest{
    pub id:u32,
    pub locale:Option<String>,
    pub trace_id:String,
}

#[derive(::serde::Serialize,::serde::Deserialize)]
struct HttpSecurityServiceSearchUserBody{
    #[serde(default,deserialize_with = "xidl_rust_axum::http::serde_ext::default_on_missing_reject_null")]

    keyword:String,
    #[serde(default)]

    page:Option<u32>,
}

#[derive(::serde::Serialize,::serde::Deserialize)]
pub struct HttpSecurityServiceSearchUserRequest{
    pub keyword:String,
    pub page:Option<u32>,
}

pub struct HttpSecurityServiceServer<T>{
    inner: ::std::sync::Arc<T>,
}

impl<T>HttpSecurityServiceServer<T>
where
T:HttpSecurityService+Send+Sync+'static,
{
    pub fn new(inner:T)->Self{
        Self{
            inner: ::std::sync::Arc::new(inner),
        }
    }

    pub fn from_arc(inner: ::std::sync::Arc<T>)->Self{
        Self{
            inner}
    }

    pub fn router(self)->xidl_rust_axum::axum::Router{
        let svc = self.inner;
        xidl_rust_axum::axum::Router::new()

        .route("/users/{id}",xidl_rust_axum::axum::routing::get(Self::get_user))

        .route("/users/search",xidl_rust_axum::axum::routing::post(Self::search_user))

        .route("/health",xidl_rust_axum::axum::routing::post(Self::health))

        .with_state(svc)
    }

    async fn get_user(
    ::xidl_rust_axum::axum::extract::State(svc): ::xidl_rust_axum::axum::extract::State<::std::sync::Arc<T>>,
    headers: ::xidl_rust_axum::axum::http::HeaderMap,
    ::xidl_rust_axum::axum::extract::Path(path): ::xidl_rust_axum::axum::extract::Path<HttpSecurityServiceGetUserPath>,
    xidl_rust_axum::axum::extract::Query(query):xidl_rust_axum::axum::extract::Query<HttpSecurityServiceGetUserQuery>
    )->::xidl_rust_axum::Result<::xidl_rust_axum::axum::response::Response>{
        if!xidl_rust_axum::http::accepts_media_type(&headers,"application/json"){
            return Err(xidl_rust_axum::Error::not_acceptable());
        }

        let HttpSecurityServiceGetUserPath{

        id,

        } = path;
        let HttpSecurityServiceGetUserQuery{

        locale,

        } = query;
        let trace_id:String = match headers.get("X-Trace-Id"){
            Some(header_value) => {
                let header_str = header_value
                .to_str()
                .map_err(|err|xidl_rust_axum::Error::new(400,format!("{err:?}")))?;
                header_str.to_string()
            }
            None => ::core::default::Default::default(),

        };
        let data = HttpSecurityServiceGetUserRequest{
            id,
            locale,
            trace_id,
        };
        let req = ::xidl_rust_axum::Request::new(headers,data);
        let resp = svc.get_user(req).await?;
        Ok(::xidl_rust_axum::axum::response::IntoResponse::into_response(xidl_rust_axum::axum::Json(resp)))
    }

    async fn search_user(
    ::xidl_rust_axum::axum::extract::State(svc): ::xidl_rust_axum::axum::extract::State<::std::sync::Arc<T>>,
    headers: ::xidl_rust_axum::axum::http::HeaderMap,
    xidl_rust_axum::axum::Json(body):xidl_rust_axum::axum::Json<HttpSecurityServiceSearchUserBody>
    )->::xidl_rust_axum::Result<::xidl_rust_axum::axum::response::Response>{
        if!xidl_rust_axum::http::accepts_media_type(&headers,"application/json"){
            return Err(xidl_rust_axum::Error::not_acceptable());
        }

        let HttpSecurityServiceSearchUserBody{

        keyword,

        page,

        } = body;
        let data = HttpSecurityServiceSearchUserRequest{
            keyword,
            page,
        };
        let req = ::xidl_rust_axum::Request::new(headers,data);
        let resp = svc.search_user(req).await?;
        Ok(::xidl_rust_axum::axum::response::IntoResponse::into_response(xidl_rust_axum::axum::Json(resp)))
    }

    async fn health(
    ::xidl_rust_axum::axum::extract::State(svc): ::xidl_rust_axum::axum::extract::State<::std::sync::Arc<T>>,
    headers: ::xidl_rust_axum::axum::http::HeaderMap
    )->::xidl_rust_axum::Result<::xidl_rust_axum::axum::response::Response>{
        if!xidl_rust_axum::http::accepts_media_type(&headers,"application/json"){
            return Err(xidl_rust_axum::Error::not_acceptable());
        }

        let data = ();
        let req = ::xidl_rust_axum::Request::new(headers,data);
        let resp = svc.health(req).await?;
        Ok(::xidl_rust_axum::axum::response::IntoResponse::into_response(xidl_rust_axum::axum::Json(resp)))
    }
}

impl<T>xidl_rust_axum::Service for HttpSecurityServiceServer<T>
where
T:HttpSecurityService+Send+Sync+'static,
{
    fn into_router(self)->xidl_rust_axum::axum::Router{
        self.router()
    }
}

pub struct HttpSecurityServiceClient{
    client:xidl_rust_axum::Client,
}

impl HttpSecurityServiceClient{
    pub fn new(base_url:impl Into<String>)->Self{
        Self{
            client:xidl_rust_axum::Client::new(base_url),
        }
    }
}

impl HttpSecurityServiceClient{
    pub async fn get_user(&self,id:u32,locale:Option<String>,trace_id:String)->Result<String,xidl_rust_axum::Error>{
        let path = "/users/{id}".to_string();
        let path = path.replace("{id}",&id.to_string());
        let url = self.client.url(&path);
        let mut req = self
        .client
        .http()
        .request(xidl_rust_axum::reqwest::Method::GET,url)
        .build()
        .map_err(|err|xidl_rust_axum::Error::new(500,format!("{err:?}")))?;
        req.headers_mut().insert(
        xidl_rust_axum::reqwest::header::ACCEPT,
        xidl_rust_axum::reqwest::header::HeaderValue::from_str("application/json")
        .map_err(|err|xidl_rust_axum::Error::new(400,format!("{err:?}")))?,
        );
        let header_name = xidl_rust_axum::reqwest::header::HeaderName::from_bytes(
        "X-Trace-Id".as_bytes(),
        )
        .map_err(|err|xidl_rust_axum::Error::new(400,format!("{err:?}")))?;
        let header_value_str = trace_id;
        let header_value = xidl_rust_axum::reqwest::header::HeaderValue::from_str(
        &header_value_str,
        )
        .map_err(|err|xidl_rust_axum::Error::new(400,format!("{err:?}")))?;
        req.headers_mut().insert(header_name,header_value);
        let query = HttpSecurityServiceGetUserQuery{
            locale,
        };
        let query = xidl_rust_axum::serde_urlencoded::to_string(&query)
        .map_err(|err|xidl_rust_axum::Error::new(500,format!("{err:?}")))?;
        if!query.is_empty(){
            req.url_mut().set_query(Some(&query));
        }

        let resp = self
        .client
        .http()
        .execute(req)
        .await
        .map_err(|err|xidl_rust_axum::Error::new(500,format!("{err:?}")))?;
        if resp.status().is_success(){
            resp.json::<String>()
            .await
            .map_err(|err|xidl_rust_axum::Error::new(500,format!("{err:?}")))
        }else{
            let status = resp.status();
            let body = resp.json::<xidl_rust_axum::ErrorBody>().await.ok();
            Err(xidl_rust_axum::Error::from_http_response(status,body))
        }
    }

    pub async fn search_user(&self,keyword:String,page:Option<u32>)->Result<String,xidl_rust_axum::Error>{
        let path = "/users/search".to_string();
        let url = self.client.url(&path);
        let mut req = self
        .client
        .http()
        .request(xidl_rust_axum::reqwest::Method::POST,url)
        .build()
        .map_err(|err|xidl_rust_axum::Error::new(500,format!("{err:?}")))?;
        req.headers_mut().insert(
        xidl_rust_axum::reqwest::header::ACCEPT,
        xidl_rust_axum::reqwest::header::HeaderValue::from_str("application/json")
        .map_err(|err|xidl_rust_axum::Error::new(400,format!("{err:?}")))?,
        );
        let body = HttpSecurityServiceSearchUserBody{
            keyword,
            page,
        };
        let body = xidl_rust_axum::serde_json::to_vec(&body)
        .map_err(|err|xidl_rust_axum::Error::new(500,format!("{err:?}")))?;
        req.headers_mut().insert(
        xidl_rust_axum::reqwest::header::CONTENT_TYPE,
        xidl_rust_axum::reqwest::header::HeaderValue::from_str("application/json")
        .map_err(|err|xidl_rust_axum::Error::new(400,format!("{err:?}")))?,
        );
        *req.body_mut() = Some(xidl_rust_axum::reqwest::Body::from(body));
        let resp = self
        .client
        .http()
        .execute(req)
        .await
        .map_err(|err|xidl_rust_axum::Error::new(500,format!("{err:?}")))?;
        if resp.status().is_success(){
            resp.json::<String>()
            .await
            .map_err(|err|xidl_rust_axum::Error::new(500,format!("{err:?}")))
        }else{
            let status = resp.status();
            let body = resp.json::<xidl_rust_axum::ErrorBody>().await.ok();
            Err(xidl_rust_axum::Error::from_http_response(status,body))
        }
    }

    pub async fn health(&self)->Result<String,xidl_rust_axum::Error>{
        let path = "/health".to_string();
        let url = self.client.url(&path);
        let mut req = self
        .client
        .http()
        .request(xidl_rust_axum::reqwest::Method::POST,url)
        .build()
        .map_err(|err|xidl_rust_axum::Error::new(500,format!("{err:?}")))?;
        req.headers_mut().insert(
        xidl_rust_axum::reqwest::header::ACCEPT,
        xidl_rust_axum::reqwest::header::HeaderValue::from_str("application/json")
        .map_err(|err|xidl_rust_axum::Error::new(400,format!("{err:?}")))?,
        );
        let resp = self
        .client
        .http()
        .execute(req)
        .await
        .map_err(|err|xidl_rust_axum::Error::new(500,format!("{err:?}")))?;
        if resp.status().is_success(){
            resp.json::<String>()
            .await
            .map_err(|err|xidl_rust_axum::Error::new(500,format!("{err:?}")))
        }else{
            let status = resp.status();
            let body = resp.json::<xidl_rust_axum::ErrorBody>().await.ok();
            Err(xidl_rust_axum::Error::from_http_response(status,body))
        }
    }
}
===============
http_security.rs
===============
