---
source: tests/test-bitset.rs
expression: ast
---
Specification(
    [
        TypeDcl(
            TypeDcl(
                [
                    ConstrTypeDcl(
                        BitsetDcl(
                            BitsetDcl {
                                ident: Identifier(
                                    "A",
                                ),
                                parent: None,
                                field: [],
                            },
                        ),
                    ),
                ],
            ),
        ),
        TypeDcl(
            TypeDcl(
                [
                    ConstrTypeDcl(
                        BitsetDcl(
                            BitsetDcl {
                                ident: Identifier(
                                    "A",
                                ),
                                parent: Some(
                                    ScopedName {
                                        scoped_name: None,
                                        identifier: Identifier(
                                            "B",
                                        ),
                                        node_text: "B",
                                    },
                                ),
                                field: [],
                            },
                        ),
                    ),
                ],
            ),
        ),
        TypeDcl(
            TypeDcl(
                [
                    ConstrTypeDcl(
                        BitsetDcl(
                            BitsetDcl {
                                ident: Identifier(
                                    "A",
                                ),
                                parent: Some(
                                    ScopedName {
                                        scoped_name: None,
                                        identifier: Identifier(
                                            "B",
                                        ),
                                        node_text: "B",
                                    },
                                ),
                                field: [
                                    BitField {
                                        spec: BitfieldSpec {
                                            pos: PositiveIntConst(
                                                ConstExpr(
                                                    XorExpr(
                                                        AndExpr(
                                                            ShiftExpr(
                                                                AddExpr(
                                                                    MultExpr(
                                                                        UnaryExpr(
                                                                            PrimaryExpr(
                                                                                Literal(
                                                                                    IntegerLiteral(
                                                                                        DecNumber(
                                                                                            "1",
                                                                                        ),
                                                                                    ),
                                                                                ),
                                                                            ),
                                                                        ),
                                                                    ),
                                                                ),
                                                            ),
                                                        ),
                                                    ),
                                                ),
                                            ),
                                            dst_ty: None,
                                        },
                                        ident: [
                                            Identifier(
                                                "a",
                                            ),
                                        ],
                                    },
                                    BitField {
                                        spec: BitfieldSpec {
                                            pos: PositiveIntConst(
                                                ConstExpr(
                                                    XorExpr(
                                                        AndExpr(
                                                            ShiftExpr(
                                                                AddExpr(
                                                                    MultExpr(
                                                                        UnaryExpr(
                                                                            PrimaryExpr(
                                                                                Literal(
                                                                                    IntegerLiteral(
                                                                                        DecNumber(
                                                                                            "1",
                                                                                        ),
                                                                                    ),
                                                                                ),
                                                                            ),
                                                                        ),
                                                                    ),
                                                                ),
                                                            ),
                                                        ),
                                                    ),
                                                ),
                                            ),
                                            dst_ty: None,
                                        },
                                        ident: [
                                            Identifier(
                                                "a",
                                            ),
                                            Identifier(
                                                "b",
                                            ),
                                            Identifier(
                                                "c",
                                            ),
                                        ],
                                    },
                                ],
                            },
                        ),
                    ),
                ],
            ),
        ),
    ],
)
